DO $$ plv8.elog(NOTICE, 'this', 'is', 'inline', 'code') $$ LANGUAGE plv8;
NOTICE:  this is inline code
